mode: set
github.com/Hiro-mackay/iss-track-system/backend/config.go:21.26,31.44 2 0
github.com/Hiro-mackay/iss-track-system/backend/config.go:31.44,33.3 1 0
github.com/Hiro-mackay/iss-track-system/backend/config.go:35.2,35.58 1 0
github.com/Hiro-mackay/iss-track-system/backend/config.go:35.58,36.46 1 0
github.com/Hiro-mackay/iss-track-system/backend/config.go:36.46,38.4 1 0
github.com/Hiro-mackay/iss-track-system/backend/config.go:41.2,41.56 1 0
github.com/Hiro-mackay/iss-track-system/backend/config.go:41.56,42.54 1 0
github.com/Hiro-mackay/iss-track-system/backend/config.go:42.54,44.4 1 0
github.com/Hiro-mackay/iss-track-system/backend/config.go:47.2,47.49 1 0
github.com/Hiro-mackay/iss-track-system/backend/config.go:47.49,49.61 2 0
github.com/Hiro-mackay/iss-track-system/backend/config.go:49.61,51.4 1 0
github.com/Hiro-mackay/iss-track-system/backend/config.go:54.2,54.45 1 0
github.com/Hiro-mackay/iss-track-system/backend/config.go:54.45,56.3 1 0
github.com/Hiro-mackay/iss-track-system/backend/config.go:58.2,58.59 1 0
github.com/Hiro-mackay/iss-track-system/backend/config.go:58.59,59.46 1 0
github.com/Hiro-mackay/iss-track-system/backend/config.go:59.46,61.4 1 0
github.com/Hiro-mackay/iss-track-system/backend/config.go:64.2,64.12 1 0
github.com/Hiro-mackay/iss-track-system/backend/cors.go:6.71,8.28 2 0
github.com/Hiro-mackay/iss-track-system/backend/cors.go:8.28,10.3 1 0
github.com/Hiro-mackay/iss-track-system/backend/cors.go:12.2,12.71 1 0
github.com/Hiro-mackay/iss-track-system/backend/cors.go:12.71,14.35 2 0
github.com/Hiro-mackay/iss-track-system/backend/cors.go:14.35,16.4 1 0
github.com/Hiro-mackay/iss-track-system/backend/cors.go:18.3,18.37 1 0
github.com/Hiro-mackay/iss-track-system/backend/cors.go:18.37,23.4 4 0
github.com/Hiro-mackay/iss-track-system/backend/cors.go:25.3,25.23 1 0
github.com/Hiro-mackay/iss-track-system/backend/crew.go:33.42,35.2 1 1
github.com/Hiro-mackay/iss-track-system/backend/crew.go:38.49,40.70 2 1
github.com/Hiro-mackay/iss-track-system/backend/crew.go:40.70,44.3 3 0
github.com/Hiro-mackay/iss-track-system/backend/crew.go:45.2,47.36 2 1
github.com/Hiro-mackay/iss-track-system/backend/crew.go:47.36,49.23 2 1
github.com/Hiro-mackay/iss-track-system/backend/crew.go:49.23,54.4 4 1
github.com/Hiro-mackay/iss-track-system/backend/crew.go:55.3,56.18 2 0
github.com/Hiro-mackay/iss-track-system/backend/crew.go:59.2,61.23 3 1
github.com/Hiro-mackay/iss-track-system/backend/crew.go:65.37,68.16 3 1
github.com/Hiro-mackay/iss-track-system/backend/crew.go:68.16,70.3 1 0
github.com/Hiro-mackay/iss-track-system/backend/crew.go:71.2,73.38 2 1
github.com/Hiro-mackay/iss-track-system/backend/crew.go:73.38,75.3 1 1
github.com/Hiro-mackay/iss-track-system/backend/crew.go:77.2,78.16 2 1
github.com/Hiro-mackay/iss-track-system/backend/crew.go:78.16,80.3 1 0
github.com/Hiro-mackay/iss-track-system/backend/crew.go:82.2,83.52 2 1
github.com/Hiro-mackay/iss-track-system/backend/crew.go:83.52,85.3 1 0
github.com/Hiro-mackay/iss-track-system/backend/crew.go:87.2,88.32 2 1
github.com/Hiro-mackay/iss-track-system/backend/crew.go:88.32,89.23 1 1
github.com/Hiro-mackay/iss-track-system/backend/crew.go:89.23,91.4 1 1
github.com/Hiro-mackay/iss-track-system/backend/crew.go:94.2,100.12 6 1
github.com/Hiro-mackay/iss-track-system/backend/handler_crew.go:10.51,11.54 1 0
github.com/Hiro-mackay/iss-track-system/backend/handler_crew.go:11.54,13.17 2 0
github.com/Hiro-mackay/iss-track-system/backend/handler_crew.go:13.17,17.4 3 0
github.com/Hiro-mackay/iss-track-system/backend/handler_crew.go:19.3,20.60 2 0
github.com/Hiro-mackay/iss-track-system/backend/handler_crew.go:20.60,22.4 1 0
github.com/Hiro-mackay/iss-track-system/backend/handler_orbit.go:11.52,12.54 1 0
github.com/Hiro-mackay/iss-track-system/backend/handler_orbit.go:12.54,14.49 2 0
github.com/Hiro-mackay/iss-track-system/backend/handler_orbit.go:14.49,15.54 1 0
github.com/Hiro-mackay/iss-track-system/backend/handler_orbit.go:15.54,17.5 1 0
github.com/Hiro-mackay/iss-track-system/backend/handler_orbit.go:19.3,19.20 1 0
github.com/Hiro-mackay/iss-track-system/backend/handler_orbit.go:19.20,21.4 1 0
github.com/Hiro-mackay/iss-track-system/backend/handler_orbit.go:23.3,24.17 2 0
github.com/Hiro-mackay/iss-track-system/backend/handler_orbit.go:24.17,28.4 3 0
github.com/Hiro-mackay/iss-track-system/backend/handler_orbit.go:30.3,31.17 2 0
github.com/Hiro-mackay/iss-track-system/backend/handler_orbit.go:31.17,35.4 3 0
github.com/Hiro-mackay/iss-track-system/backend/handler_orbit.go:37.3,38.59 2 0
github.com/Hiro-mackay/iss-track-system/backend/handler_orbit.go:38.59,40.4 1 0
github.com/Hiro-mackay/iss-track-system/backend/handler_passes.go:11.53,12.54 1 0
github.com/Hiro-mackay/iss-track-system/backend/handler_passes.go:12.54,17.35 4 0
github.com/Hiro-mackay/iss-track-system/backend/handler_passes.go:17.35,20.4 2 0
github.com/Hiro-mackay/iss-track-system/backend/handler_passes.go:22.3,23.42 2 0
github.com/Hiro-mackay/iss-track-system/backend/handler_passes.go:23.42,26.4 2 0
github.com/Hiro-mackay/iss-track-system/backend/handler_passes.go:28.3,29.44 2 0
github.com/Hiro-mackay/iss-track-system/backend/handler_passes.go:29.44,32.4 2 0
github.com/Hiro-mackay/iss-track-system/backend/handler_passes.go:34.3,35.20 2 0
github.com/Hiro-mackay/iss-track-system/backend/handler_passes.go:35.20,37.36 2 0
github.com/Hiro-mackay/iss-track-system/backend/handler_passes.go:37.36,40.5 2 0
github.com/Hiro-mackay/iss-track-system/backend/handler_passes.go:41.4,41.12 1 0
github.com/Hiro-mackay/iss-track-system/backend/handler_passes.go:44.3,45.17 2 0
github.com/Hiro-mackay/iss-track-system/backend/handler_passes.go:45.17,49.4 3 0
github.com/Hiro-mackay/iss-track-system/backend/handler_passes.go:51.3,52.17 2 0
github.com/Hiro-mackay/iss-track-system/backend/handler_passes.go:52.17,56.4 3 0
github.com/Hiro-mackay/iss-track-system/backend/handler_passes.go:58.3,59.59 2 0
github.com/Hiro-mackay/iss-track-system/backend/handler_passes.go:59.59,61.4 1 0
github.com/Hiro-mackay/iss-track-system/backend/handler_position.go:10.55,11.54 1 0
github.com/Hiro-mackay/iss-track-system/backend/handler_position.go:11.54,13.17 2 0
github.com/Hiro-mackay/iss-track-system/backend/handler_position.go:13.17,17.4 3 0
github.com/Hiro-mackay/iss-track-system/backend/handler_position.go:19.3,20.17 2 0
github.com/Hiro-mackay/iss-track-system/backend/handler_position.go:20.17,24.4 3 0
github.com/Hiro-mackay/iss-track-system/backend/handler_position.go:26.3,27.56 2 0
github.com/Hiro-mackay/iss-track-system/backend/handler_position.go:27.56,29.4 1 0
github.com/Hiro-mackay/iss-track-system/backend/handler_status.go:10.68,11.54 1 0
github.com/Hiro-mackay/iss-track-system/backend/handler_status.go:11.54,13.17 2 0
github.com/Hiro-mackay/iss-track-system/backend/handler_status.go:13.17,17.4 3 0
github.com/Hiro-mackay/iss-track-system/backend/handler_status.go:19.3,20.45 2 0
github.com/Hiro-mackay/iss-track-system/backend/handler_status.go:20.45,22.4 1 0
github.com/Hiro-mackay/iss-track-system/backend/handler_status.go:24.3,25.17 2 0
github.com/Hiro-mackay/iss-track-system/backend/handler_status.go:25.17,29.4 3 0
github.com/Hiro-mackay/iss-track-system/backend/handler_status.go:31.3,32.59 2 0
github.com/Hiro-mackay/iss-track-system/backend/handler_status.go:32.59,34.4 1 0
github.com/Hiro-mackay/iss-track-system/backend/handler_ws.go:12.42,12.57 1 0
github.com/Hiro-mackay/iss-track-system/backend/handler_ws.go:16.80,17.54 1 0
github.com/Hiro-mackay/iss-track-system/backend/handler_ws.go:17.54,19.17 2 0
github.com/Hiro-mackay/iss-track-system/backend/handler_ws.go:19.17,22.4 2 0
github.com/Hiro-mackay/iss-track-system/backend/handler_ws.go:23.3,26.13 3 0
github.com/Hiro-mackay/iss-track-system/backend/handler_ws.go:26.13,28.8 2 0
github.com/Hiro-mackay/iss-track-system/backend/handler_ws.go:28.8,29.52 1 0
github.com/Hiro-mackay/iss-track-system/backend/handler_ws.go:29.52,31.6 1 0
github.com/Hiro-mackay/iss-track-system/backend/handler_ws.go:35.3,38.31 3 0
github.com/Hiro-mackay/iss-track-system/backend/handler_ws.go:38.31,40.18 2 0
github.com/Hiro-mackay/iss-track-system/backend/handler_ws.go:40.18,43.5 2 0
github.com/Hiro-mackay/iss-track-system/backend/handler_ws.go:45.4,46.18 2 0
github.com/Hiro-mackay/iss-track-system/backend/handler_ws.go:46.18,49.5 2 0
github.com/Hiro-mackay/iss-track-system/backend/handler_ws.go:51.4,51.46 1 0
github.com/Hiro-mackay/iss-track-system/backend/handler_ws.go:51.46,54.5 2 0
github.com/Hiro-mackay/iss-track-system/backend/handler_ws.go:55.4,55.15 1 0
github.com/Hiro-mackay/iss-track-system/backend/handler_ws.go:59.3,59.22 1 0
github.com/Hiro-mackay/iss-track-system/backend/handler_ws.go:59.22,61.4 1 0
github.com/Hiro-mackay/iss-track-system/backend/handler_ws.go:63.3,63.7 1 0
github.com/Hiro-mackay/iss-track-system/backend/handler_ws.go:63.7,64.11 1 0
github.com/Hiro-mackay/iss-track-system/backend/handler_ws.go:65.16,66.11 1 0
github.com/Hiro-mackay/iss-track-system/backend/handler_ws.go:67.20,68.24 1 0
github.com/Hiro-mackay/iss-track-system/backend/handler_ws.go:68.24,70.6 1 0
github.com/Hiro-mackay/iss-track-system/backend/main.go:12.13,16.40 3 0
github.com/Hiro-mackay/iss-track-system/backend/main.go:16.40,18.3 1 0
github.com/Hiro-mackay/iss-track-system/backend/main.go:21.2,21.12 1 0
github.com/Hiro-mackay/iss-track-system/backend/main.go:21.12,24.22 3 0
github.com/Hiro-mackay/iss-track-system/backend/main.go:24.22,25.42 1 0
github.com/Hiro-mackay/iss-track-system/backend/main.go:25.42,27.5 1 0
github.com/Hiro-mackay/iss-track-system/backend/main.go:31.2,32.44 2 0
github.com/Hiro-mackay/iss-track-system/backend/main.go:32.44,34.3 1 0
github.com/Hiro-mackay/iss-track-system/backend/main.go:37.2,37.12 1 0
github.com/Hiro-mackay/iss-track-system/backend/main.go:37.12,40.22 3 0
github.com/Hiro-mackay/iss-track-system/backend/main.go:40.22,41.46 1 0
github.com/Hiro-mackay/iss-track-system/backend/main.go:41.46,43.5 1 0
github.com/Hiro-mackay/iss-track-system/backend/main.go:47.2,49.77 2 0
github.com/Hiro-mackay/iss-track-system/backend/main.go:49.77,52.3 2 0
github.com/Hiro-mackay/iss-track-system/backend/main.go:53.2,70.12 11 0
github.com/Hiro-mackay/iss-track-system/backend/main.go:70.12,72.77 2 0
github.com/Hiro-mackay/iss-track-system/backend/main.go:72.77,74.4 1 0
github.com/Hiro-mackay/iss-track-system/backend/main.go:77.2,83.50 5 0
github.com/Hiro-mackay/iss-track-system/backend/main.go:83.50,85.3 1 0
github.com/Hiro-mackay/iss-track-system/backend/orbit.go:12.73,15.16 3 1
github.com/Hiro-mackay/iss-track-system/backend/orbit.go:15.16,17.3 1 0
github.com/Hiro-mackay/iss-track-system/backend/orbit.go:19.2,21.16 3 1
github.com/Hiro-mackay/iss-track-system/backend/orbit.go:21.16,23.3 1 0
github.com/Hiro-mackay/iss-track-system/backend/orbit.go:25.2,38.8 6 1
github.com/Hiro-mackay/iss-track-system/backend/orbit.go:42.82,45.16 3 0
github.com/Hiro-mackay/iss-track-system/backend/orbit.go:45.16,47.3 1 0
github.com/Hiro-mackay/iss-track-system/backend/orbit.go:49.2,53.31 4 0
github.com/Hiro-mackay/iss-track-system/backend/orbit.go:53.31,56.17 3 0
github.com/Hiro-mackay/iss-track-system/backend/orbit.go:56.17,57.12 1 0
github.com/Hiro-mackay/iss-track-system/backend/orbit.go:60.3,65.5 2 0
github.com/Hiro-mackay/iss-track-system/backend/orbit.go:68.2,68.20 1 0
github.com/Hiro-mackay/iss-track-system/backend/passes.go:11.106,14.16 3 1
github.com/Hiro-mackay/iss-track-system/backend/passes.go:14.16,16.3 1 0
github.com/Hiro-mackay/iss-track-system/backend/passes.go:18.2,22.16 4 1
github.com/Hiro-mackay/iss-track-system/backend/passes.go:22.16,24.3 1 0
github.com/Hiro-mackay/iss-track-system/backend/passes.go:26.2,27.30 2 1
github.com/Hiro-mackay/iss-track-system/backend/passes.go:27.30,28.26 1 1
github.com/Hiro-mackay/iss-track-system/backend/passes.go:28.26,29.12 1 1
github.com/Hiro-mackay/iss-track-system/backend/passes.go:33.3,34.17 2 1
github.com/Hiro-mackay/iss-track-system/backend/passes.go:34.17,35.12 1 0
github.com/Hiro-mackay/iss-track-system/backend/passes.go:37.3,60.5 3 1
github.com/Hiro-mackay/iss-track-system/backend/passes.go:63.2,63.21 1 1
github.com/Hiro-mackay/iss-track-system/backend/passes.go:66.41,67.9 1 1
github.com/Hiro-mackay/iss-track-system/backend/passes.go:68.21,69.18 1 1
github.com/Hiro-mackay/iss-track-system/backend/passes.go:70.21,71.20 1 1
github.com/Hiro-mackay/iss-track-system/backend/passes.go:72.10,73.15 1 1
github.com/Hiro-mackay/iss-track-system/backend/solar.go:19.57,56.2 17 1
github.com/Hiro-mackay/iss-track-system/backend/solar.go:61.87,64.23 2 1
github.com/Hiro-mackay/iss-track-system/backend/solar.go:64.23,66.3 1 1
github.com/Hiro-mackay/iss-track-system/backend/solar.go:69.2,70.16 2 1
github.com/Hiro-mackay/iss-track-system/backend/solar.go:70.16,72.3 1 0
github.com/Hiro-mackay/iss-track-system/backend/solar.go:73.2,80.32 4 1
github.com/Hiro-mackay/iss-track-system/backend/solar.go:84.37,90.12 5 1
github.com/Hiro-mackay/iss-track-system/backend/solar.go:90.12,93.3 2 1
github.com/Hiro-mackay/iss-track-system/backend/solar.go:95.2,100.26 3 1
github.com/Hiro-mackay/iss-track-system/backend/station.go:15.84,18.16 3 1
github.com/Hiro-mackay/iss-track-system/backend/station.go:18.16,20.3 1 1
github.com/Hiro-mackay/iss-track-system/backend/station.go:22.2,43.8 8 1
github.com/Hiro-mackay/iss-track-system/backend/tle.go:24.40,26.2 1 0
github.com/Hiro-mackay/iss-track-system/backend/tle.go:29.58,31.65 2 0
github.com/Hiro-mackay/iss-track-system/backend/tle.go:31.65,35.3 3 0
github.com/Hiro-mackay/iss-track-system/backend/tle.go:36.2,38.36 2 0
github.com/Hiro-mackay/iss-track-system/backend/tle.go:38.36,40.19 2 0
github.com/Hiro-mackay/iss-track-system/backend/tle.go:40.19,45.4 4 0
github.com/Hiro-mackay/iss-track-system/backend/tle.go:46.3,47.25 2 0
github.com/Hiro-mackay/iss-track-system/backend/tle.go:50.2,52.38 3 0
github.com/Hiro-mackay/iss-track-system/backend/tle.go:56.36,59.16 3 0
github.com/Hiro-mackay/iss-track-system/backend/tle.go:59.16,61.3 1 0
github.com/Hiro-mackay/iss-track-system/backend/tle.go:62.2,64.38 2 0
github.com/Hiro-mackay/iss-track-system/backend/tle.go:64.38,66.3 1 0
github.com/Hiro-mackay/iss-track-system/backend/tle.go:68.2,69.16 2 0
github.com/Hiro-mackay/iss-track-system/backend/tle.go:69.16,71.3 1 0
github.com/Hiro-mackay/iss-track-system/backend/tle.go:73.2,74.76 2 0
github.com/Hiro-mackay/iss-track-system/backend/tle.go:74.76,75.44 1 0
github.com/Hiro-mackay/iss-track-system/backend/tle.go:75.44,77.4 1 0
github.com/Hiro-mackay/iss-track-system/backend/tle.go:79.2,79.20 1 0
github.com/Hiro-mackay/iss-track-system/backend/tle.go:79.20,81.3 1 0
github.com/Hiro-mackay/iss-track-system/backend/tle.go:83.2,91.12 8 0
